// Jest Snapshot v1, https://goo.gl/fbAQLP

exports[`has basic template imports support CompletionRequest inside <template> template imports completion requests working fine support collocated components 1`] = `
Object {
  "addonsMeta": Array [],
  "registry": Object {
    "component": Object {
      "hello": Array [
        "app/components/hello/index.gjs",
      ],
    },
  },
  "response": Array [
    Object {
      "label": "FooBar",
    },
    Object {
      "label": "Foo",
    },
  ],
}
`;
